[encoder] gates=36  ok=True  {'overlap0': 0.9999999999999993, 'overlap1': 0.9999999999999993, 'rel_phase': (1+2.3551386880256644e-16j)}

=== EXACT VERIFICATION: circuit vs simulator ===
  p=0.3   psi=0   frame=IIXII  circuit=0.999996  sim=0.999996  |diff|=4.33e-15
  p=0.3   psi=0   frame=IIIIZ  circuit=1.000000  sim=1.000000  |diff|=5.11e-15
  p=0.3   psi=0   frame=IZIII  circuit=0.999999  sim=0.999999  |diff|=4.22e-15
  p=0.3   psi=0   frame=YIIXI  circuit=0.000000  sim=0.000000  |diff|=7.38e-18
  p=0.3   psi=0   frame=IIIII  circuit=1.000000  sim=1.000000  |diff|=5.11e-15
  p=0.3   psi=0   frame=YIIII  circuit=0.999999  sim=0.999999  |diff|=4.33e-15
  p=0.3   psi=1   frame=IIXII  circuit=0.999996  sim=0.999996  |diff|=4.77e-15
  p=0.3   psi=1   frame=IIIIZ  circuit=1.000000  sim=1.000000  |diff|=4.22e-15
  p=0.3   psi=1   frame=IZIII  circuit=0.999999  sim=0.999999  |diff|=4.22e-15
  p=0.3   psi=1   frame=YIIXI  circuit=0.000000  sim=0.000000  |diff|=9.98e-18
  p=0.3   psi=1   frame=IIIII  circuit=1.000000  sim=1.000000  |diff|=4.11e-15
  p=0.3   psi=1   frame=YIIII  circuit=0.999999  sim=0.999999  |diff|=4.44e-15
  p=0.3   psi=+   frame=IIXII  circuit=0.999997  sim=0.999997  |diff|=5.11e-15
  p=0.3   psi=+   frame=IIIIZ  circuit=1.000000  sim=1.000000  |diff|=5.33e-15
  p=0.3   psi=+   frame=IZIII  circuit=0.500000  sim=0.500000  |diff|=2.55e-15
  p=0.3   psi=+   frame=YIIXI  circuit=1.000000  sim=1.000000  |diff|=5.22e-15
  p=0.3   psi=+   frame=IIIII  circuit=1.000000  sim=1.000000  |diff|=5.33e-15
  p=0.3   psi=+   frame=YIIII  circuit=0.999999  sim=0.999999  |diff|=5.44e-15
  p=0.3   psi=-   frame=IIXII  circuit=0.999995  sim=0.999995  |diff|=5.00e-15
  p=0.3   psi=-   frame=IIIIZ  circuit=1.000000  sim=1.000000  |diff|=5.22e-15
  p=0.3   psi=-   frame=IZIII  circuit=0.499999  sim=0.499999  |diff|=2.11e-15
  p=0.3   psi=-   frame=YIIXI  circuit=1.000000  sim=1.000000  |diff|=4.33e-15
  p=0.3   psi=-   frame=IIIII  circuit=1.000000  sim=1.000000  |diff|=4.77e-15
  p=0.3   psi=-   frame=YIIII  circuit=0.999999  sim=0.999999  |diff|=4.55e-15
  p=0.3   psi=+i  frame=IIXII  circuit=0.999996  sim=0.999996  |diff|=4.44e-15
  p=0.3   psi=+i  frame=IIIIZ  circuit=1.000000  sim=1.000000  |diff|=5.22e-15
  p=0.3   psi=+i  frame=IZIII  circuit=0.500000  sim=0.500000  |diff|=2.66e-15
  p=0.3   psi=+i  frame=YIIXI  circuit=0.000000  sim=0.000000  |diff|=8.37e-18
  p=0.3   psi=+i  frame=IIIII  circuit=1.000000  sim=1.000000  |diff|=4.77e-15
  p=0.3   psi=+i  frame=YIIII  circuit=0.999999  sim=0.999999  |diff|=5.00e-15
  p=0.3   psi=-i  frame=IIXII  circuit=0.999996  sim=0.999996  |diff|=4.22e-15
  p=0.3   psi=-i  frame=IIIIZ  circuit=1.000000  sim=1.000000  |diff|=5.11e-15
  p=0.3   psi=-i  frame=IZIII  circuit=0.499999  sim=0.499999  |diff|=2.33e-15
  p=0.3   psi=-i  frame=YIIXI  circuit=0.000000  sim=0.000000  |diff|=2.73e-18
  p=0.3   psi=-i  frame=IIIII  circuit=1.000000  sim=1.000000  |diff|=5.22e-15
  p=0.3   psi=-i  frame=YIIII  circuit=0.999999  sim=0.999999  |diff|=5.11e-15
worst |circuit - simulator| = 5.440e-15
VERIFICATION PASSED
