nohup: 忽略输入
========================================================================
VSCR-QEC : Variational Syndrome-Conditioned Recovery (variational
           quantum-classical ML for quantum error correction)
========================================================================
Code: [[5,1,3]] perfect code  (Hilbert dim 32)
Recovery: projective syndrome measurement + LEARNED variational unitary
          R_s per syndrome (60 rotation params, hypernetwork-shared)

[1] Training VSCR (depolarizing): curriculum + 3 seeds,
    label-free per-syndrome selection...
    seed 1234: val_fid=0.9686  min syndrome cf=0.3507
    seed 2024: val_fid=0.9738  min syndrome cf=0.6382
    seed 777: val_fid=0.9630  min syndrome cf=0.6374

[1b] Ablation: random-walk updates (replicates broken ACE-QEC)...

[2] Fitting LinDR (vnCDR-style linear) baseline...

[3] Evaluating all methods (depolarizing)...

[4] Training VSCR (amplitude damping): 3 seeds + selection...
    seed 1234: val_fid=0.9856  min syndrome cf=0.6467
    seed 2024: val_fid=0.9815  min syndrome cf=0.3300
    seed 777: val_fid=0.9837  min syndrome cf=0.4830

[5] Training VSCR (mixed depol+AD): 3 seeds + selection...
    seed 1234: val_fid=0.9205  min syndrome cf=0.3528
    seed 2024: val_fid=0.9328  min syndrome cf=0.3523
    seed 777: val_fid=0.6924  min syndrome cf=0.6249

========================================================================
RESULTS  (avg fidelity at each p)
========================================================================

--- DEPOLARIZING ---
p               Raw   Perfect-c         ZNE   Virtual D       LinDR   VSCR (our
0.005        0.9752      0.9998      1.0000      1.0000      0.9793      0.9993
0.010        0.9510      0.9993      0.9999      0.9998      0.9844      0.9983
0.020        0.9039      0.9974      0.9996      0.9993      0.9930      0.9955
0.040        0.8154      0.9903      0.9967      0.9969      1.0040      0.9868
0.070        0.6958      0.9721      0.9838      0.9895      1.0068      0.9669
0.100        0.5908      0.9470      0.9570      0.9758      0.9962      0.9406
0.150        0.4447      0.8942      0.8770      0.9330      0.9563      0.8869
0.200        0.3298      0.8339      0.7559      0.8532      0.8982      0.8267

--- AMPLITUDE-DAMPING ---
p               Raw   Perfect-c         ZNE   Virtual D       LinDR   VSCR (our
0.005        0.9876      1.0000      1.0000      1.0000      1.0001      0.9992
0.010        0.9752      0.9998      1.0000      0.9998      1.0000      0.9983
0.020        0.9509      0.9993      1.0000      0.9994      1.0000      0.9964
0.040        0.9035      0.9974      0.9997      0.9974      1.0000      0.9918
0.070        0.8355      0.9923      0.9986      0.9917      1.0000      0.9834
0.100        0.7712      0.9847      0.9959      0.9823      0.9998      0.9732
0.150        0.6718      0.9671      0.9865      0.9577      0.9983      0.9528
0.200        0.5818      0.9442      0.9690      0.9196      0.9945      0.9285

--- MIXED ---
p               Raw   Perfect-c         ZNE   Virtual D       LinDR   VSCR (our
0.005        0.9692      0.9997      1.0000      0.9999      1.0017      0.6891
0.010        0.9392      0.9990      0.9998      0.9997      1.0009      0.6942
0.020        0.8817      0.9961      0.9989      0.9988      1.0000      0.7030
0.040        0.7759      0.9854      0.9919      0.9946      0.9997      0.7152
0.070        0.6383      0.9595      0.9637      0.9815      1.0004      0.7222
0.100        0.5229      0.9253      0.9118      0.9572      0.9990      0.7188
0.150        0.3717      0.8582      0.7810      0.8811      0.9853      0.6978
0.200        0.2617      0.7875      0.6199      0.7458      0.9535      0.6666

Improvement of VSCR over baselines (depolarizing, p=0.10):
  vs Raw                   : 0.5908 -> 0.9406  (abs +0.3498, rel +59.2%)
  vs Perfect-code          : 0.9470 -> 0.9406  (abs -0.0064, rel -0.7%)
  vs ZNE                   : 0.9570 -> 0.9406  (abs -0.0165, rel -1.7%)
  vs Virtual Distillation  : 0.9758 -> 0.9406  (abs -0.0353, rel -3.6%)
  vs LinDR                 : 0.9962 -> 0.9406  (abs -0.0556, rel -5.6%)

Improvement of VSCR over baselines (amplitude-damping, p=0.10):
  vs Raw                   : 0.7712 -> 0.9732  (abs +0.2021, rel +26.2%)
  vs Perfect-code          : 0.9847 -> 0.9732  (abs -0.0114, rel -1.2%)
  vs ZNE                   : 0.9959 -> 0.9732  (abs -0.0227, rel -2.3%)
  vs Virtual Distillation  : 0.9823 -> 0.9732  (abs -0.0091, rel -0.9%)
  vs LinDR                 : 0.9998 -> 0.9732  (abs -0.0266, rel -2.7%)

Final training fidelity (real grad): 0.9738
Final training fidelity (random walk): 0.5955
Total runtime: 1143.5s

Figures saved in figures/: fig_training_curves.png, fig_fidelity_depolarizing.png,
  fig_ler_depolarizing.png, fig_summary_depolarizing_p010.png,
  fig_fidelity_amplitude_damping.png, fig_summary_ad_p010.png,
  fig_fidelity_mixed.png, fig_summary_mixed_p010.png
Numerical data: vscr_results.npz
