
=== depolarizing, p=0.07 ===
  s=0000  w=0.6960  ceiling=0.0000  decoder=1.0000
  s=0001  w=0.0203  ceiling=0.0000  decoder=1.0000
  s=0010  w=0.0203  ceiling=0.0000  decoder=1.0000
  s=0011  w=0.0203  ceiling=0.0000  decoder=1.0000
  s=0100  w=0.0203  ceiling=0.0000  decoder=1.0000
  s=0101  w=0.0203  ceiling=0.0000  decoder=1.0000
  s=0110  w=0.0203  ceiling=0.0000  decoder=1.0000
  s=0111  w=0.0203  ceiling=0.0000  decoder=1.0000
  s=1000  w=0.0203  ceiling=0.0000  decoder=1.0000
  s=1001  w=0.0203  ceiling=0.0000  decoder=1.0000
  s=1010  w=0.0203  ceiling=0.0000  decoder=1.0000
  s=1011  w=0.0203  ceiling=0.0000  decoder=1.0000
  s=1100  w=0.0203  ceiling=0.0000  decoder=1.0000
  s=1101  w=0.0203  ceiling=0.0000  decoder=1.0000
  s=1110  w=0.0203  ceiling=0.0000  decoder=1.0000
  s=1111  w=0.0203  ceiling=0.0000  decoder=1.0000
  TOTAL: ceiling=0.0000  decoder=1.0000

=== amplitude_damping, p=0.07 ===
  s=0000  w=0.8355  ceiling=0.0000  decoder=1.0000
  s=0001  w=0.0160  ceiling=0.0000  decoder=1.0000
  s=0010  w=0.0009  ceiling=0.0000  decoder=1.0000
  s=0011  w=0.0160  ceiling=0.0000  decoder=1.0000
  s=0100  w=0.0009  ceiling=0.0000  decoder=1.0000
  s=0101  w=0.0009  ceiling=0.0000  decoder=1.0000
  s=0110  w=0.0160  ceiling=0.0000  decoder=1.0000
  s=0111  w=0.0160  ceiling=0.0000  decoder=1.0000
  s=1000  w=0.0160  ceiling=0.0000  decoder=1.0000
  s=1001  w=0.0009  ceiling=0.0000  decoder=1.0000
  s=1010  w=0.0009  ceiling=0.0000  decoder=1.0000
  s=1011  w=0.0160  ceiling=0.0000  decoder=1.0000
  s=1100  w=0.0160  ceiling=0.0000  decoder=1.0000
  s=1101  w=0.0160  ceiling=0.0000  decoder=1.0000
  s=1110  w=0.0160  ceiling=0.0000  decoder=1.0000
  s=1111  w=0.0160  ceiling=0.0000  decoder=1.0000
  TOTAL: ceiling=0.0000  decoder=1.0000
PROBE17 DONE
