nohup: 忽略输入
base: per-syndrome cond fid (weight>1e-3):  (108s)
  s=0000  cf=0.9997  w=0.6960
  s=0001  cf=0.9091  w=0.0203
  s=0010  cf=0.9091  w=0.0203
  s=0011  cf=0.9090  w=0.0203
  s=0100  cf=0.9091  w=0.0203
  s=0101  cf=0.9091  w=0.0203
  s=0110  cf=0.9091  w=0.0203
  s=0111  cf=0.9090  w=0.0203
  s=1000  cf=0.9091  w=0.0203
  s=1001  cf=0.9091  w=0.0203
  s=1010  cf=0.9091  w=0.0203
  s=1011  cf=0.9091  w=0.0203
  s=1100  cf=0.9090  w=0.0203
  s=1101  cf=0.9091  w=0.0203
  s=1110  cf=0.3811  w=0.0203
  s=1111  cf=0.9091  w=0.0203
worst syndrome: 1110
finetune 400@0.01: val=0.9686 worst_cf=0.3795 (128s)
finetune 600@0.001: val=0.9686 worst_cf=0.3810 (157s)
p=0.04: VSCR 0.9829   dec 0.9903
p=0.07: VSCR 0.9604   dec 0.9721
p=0.1: VSCR 0.9332   dec 0.9470
p=0.15: VSCR 0.8816   dec 0.8942
p=0.2: VSCR 0.8169   dec 0.8339
PROBE15 DONE
