nohup: 忽略输入

########## depolarizing ##########
  stage ep=600 lr=0.03 range=(0.02, 0.08): 28s val=0.9484
  stage ep=400 lr=0.03 range=(0.02, 0.15): 46s val=0.9587
  stage ep=600 lr=0.001 range=(0.02, 0.15): 73s val=0.9686
    p:      0.040   0.070   0.100   0.150   0.200
    VSCR  0.9830 0.9598 0.9347 0.8789 0.8204
    dec   0.9903 0.9721 0.9470 0.8942 0.8339
    zne   0.9967 0.9838 0.9570 0.8770 0.7559
    vd    0.9969 0.9895 0.9758 0.9330 0.8532

########## amplitude_damping ##########
  stage ep=600 lr=0.03 range=(0.01, 0.06): 34s val=0.9858
  stage ep=400 lr=0.03 range=(0.01, 0.12): 57s val=0.9783
  stage ep=600 lr=0.001 range=(0.01, 0.12): 90s val=0.9790
    p:      0.040   0.070   0.100   0.150   0.200
    VSCR  0.9869 0.9739 0.9636 0.9378 0.9134
    dec   0.9975 0.9923 0.9849 0.9675 0.9449
    zne   0.9997 0.9986 0.9959 0.9866 0.9690
    vd    0.9974 0.9917 0.9823 0.9575 0.9193
PROBE3 DONE
