nohup: 忽略输入
trained: val=0.9686 (131s)
per-syndrome subspace action distance (0 = acts like decoder on Im P_s):
  s=0000  0.0008
  s=0001  1.4142
  s=0010  1.4142
  s=0011  1.8478
  s=0100  0.7654
  s=0101  1.4142
  s=0110  1.4142
  s=0111  2.0000
  s=1000  1.4142
  s=1001  1.4142
  s=1010  1.4142
  s=1011  2.0000
  s=1100  2.0000
  s=1101  1.4142
  s=1110  1.4142
  s=1111  1.8478

p=0.07  mean F: VSCR 0.9614  decoder 0.9721
per-syndrome mean gap (decoder - VSCR):
  s=0000  +0.00000
  s=0001  +0.00000
  s=0010  +0.00000
  s=0011  +0.00000
  s=0100  +0.00000
  s=0101  +0.00000
  s=0110  +0.00000
  s=0111  +0.00000
  s=1000  +0.00000
  s=1001  +0.00000
  s=1010  +0.00000
  s=1011  +0.00000
  s=1100  +0.00000
  s=1101  +0.00000
  s=1110  +0.01072
  s=1111  +0.00000
PROBE10 DONE
