nohup: 忽略输入

########## depolarizing ##########
[LinDR fit 0.8s]
  p=0.07:  LinDR 1.0103   raw 0.6958   decoder 0.9721
  lr=0.01 lam=0.1: 26s  val_fid=0.9080
    p=0.04/0.10/0.20  VSCR 0.9402 0.8482 0.7311
                      dec  0.9903 0.9470 0.8339
                      zne  0.9967 0.9570 0.7559
  lr=0.03 lam=0.1: 25s  val_fid=0.7235
    p=0.04/0.10/0.20  VSCR 0.6584 0.7446 0.6939
                      dec  0.9903 0.9470 0.8339
                      zne  0.9967 0.9570 0.7559
  lr=0.03 lam=0.0: 23s  val_fid=0.9274
    p=0.04/0.10/0.20  VSCR 0.9526 0.8742 0.7626
                      dec  0.9903 0.9470 0.8339
                      zne  0.9967 0.9570 0.7559

########## amplitude_damping ##########
[LinDR fit 0.9s]
  p=0.07:  LinDR 1.0000   raw 0.8355   decoder 0.9922
  lr=0.01 lam=0.1: 30s  val_fid=0.9487
    p=0.04/0.10/0.20  VSCR 0.9673 0.9113 0.8532
                      dec  0.9975 0.9846 0.9448
                      zne  0.9997 0.9959 0.9691
  lr=0.03 lam=0.1: 30s  val_fid=0.9852
    p=0.04/0.10/0.20  VSCR 0.9913 0.9702 0.9263
                      dec  0.9975 0.9846 0.9448
                      zne  0.9997 0.9959 0.9691
  lr=0.03 lam=0.0: 28s  val_fid=0.9852
    p=0.04/0.10/0.20  VSCR 0.9915 0.9701 0.9276
                      dec  0.9975 0.9846 0.9448
                      zne  0.9997 0.9959 0.9691
PROBE DONE
